// Jest Snapshot v1, https://goo.gl/fbAQLP

exports[`should render line chart correctly 1`] = `
Array [
  <div
    style={
      Object {
        "justifyContent": "center",
        "textAlign": "center",
      }
    }
  >
    <h3>
      Chart Title
       
    </h3>
  </div>,
  <div
    style={
      Object {
        "height": 300,
      }
    }
  >
    <div
      style={
        Object {
          "height": "100%",
          "width": "100%",
        }
      }
    />
  </div>,
]
`;
